// Jest Snapshot v1, https://goo.gl/fbAQLP

exports[`snapshot 1`] = `
<View
  style={
    Object {
      "backgroundColor": "aliceblue",
      "borderColor": "#23232366",
      "borderRadius": 6,
      "borderWidth": 0.5,
      "elevation": 5,
      "flexDirection": "row",
      "margin": 6,
      "padding": 8,
      "shadowColor": "#000",
      "shadowOffset": Object {
        "height": 2,
        "width": 0,
      },
      "shadowOpacity": 0.25,
      "shadowRadius": 4,
    }
  }
>
  <Image
    source={
      Object {
        "uri": "https://covers.openlibrary.org/b/ID/el.cover_id-M.jpg",
      }
    }
    style={
      Object {
        "height": 135,
        "width": 90,
      }
    }
  />
  <View
    style={
      Object {
        "justifyContent": "space-between",
        "marginLeft": 6,
        "width": 625,
      }
    }
  >
    <View>
      <View
        style={
          Object {
            "flexDirection": "row",
          }
        }
      >
        <Text
          style={
            Object {
              "flex": 1,
              "flexWrap": "wrap",
              "fontSize": 18,
              "fontWeight": "700",
            }
          }
        >
          el.title
        </Text>
      </View>
      <Text
        style={
          Object {
            "fontWeight": "500",
          }
        }
      >
        el.cover_edition_key
      </Text>
      <View
        style={
          Object {
            "marginTop": 4,
          }
        }
      >
        <Text>
          Author: 
        </Text>
        <View
          style={
            Object {
              "flex": 1,
              "flexDirection": "row",
              "flexWrap": "wrap",
            }
          }
        >
          <Text
            style={
              Object {
                "fontSize": 12,
              }
            }
          >
            el.authors.name
          </Text>
        </View>
      </View>
    </View>
    <View
      accessible={true}
      collapsable={false}
      focusable={true}
      onBlur={[Function]}
      onClick={[Function]}
      onFocus={[Function]}
      onResponderGrant={[Function]}
      onResponderMove={[Function]}
      onResponderRelease={[Function]}
      onResponderTerminate={[Function]}
      onResponderTerminationRequest={[Function]}
      onStartShouldSetResponder={[Function]}
      style={
        Object {
          "alignItems": "center",
          "backgroundColor": "steelblue",
          "borderRadius": 2,
          "display": "flex",
          "justifyContent": "center",
          "marginRight": 16,
          "marginTop": 8,
          "paddingVertical": 4,
        }
      }
    >
      <Text
        style={
          Object {
            "color": "white",
            "fontSize": 14,
            "fontWeight": "bold",
          }
        }
      >
        Borrow
      </Text>
    </View>
  </View>
</View>
`;
